Archive member included to satisfy reference by file (symbol)

c:/st/stm32cubeide_1.7.0/stm32cubeide/plugins/com.st.stm32cube.ide.mcu.externaltools.gnu-tools-for-stm32.9-2020-q2-update.win32_2.0.0.202105311346/tools/bin/../lib/gcc/arm-none-eabi/9.3.1/../../../../arm-none-eabi/lib/thumb/v7e-m+fp/hard\libc_nano.a(lib_a-errno.o)
                              ./Core/Src/syscalls.o (__errno)
c:/st/stm32cubeide_1.7.0/stm32cubeide/plugins/com.st.stm32cube.ide.mcu.externaltools.gnu-tools-for-stm32.9-2020-q2-update.win32_2.0.0.202105311346/tools/bin/../lib/gcc/arm-none-eabi/9.3.1/../../../../arm-none-eabi/lib/thumb/v7e-m+fp/hard\libc_nano.a(lib_a-exit.o)
                              c:/st/stm32cubeide_1.7.0/stm32cubeide/plugins/com.st.stm32cube.ide.mcu.externaltools.gnu-tools-for-stm32.9-2020-q2-update.win32_2.0.0.202105311346/tools/bin/../lib/gcc/arm-none-eabi/9.3.1/../../../../arm-none-eabi/lib/thumb/v7e-m+fp/hard/crt0.o (exit)
c:/st/stm32cubeide_1.7.0/stm32cubeide/plugins/com.st.stm32cube.ide.mcu.externaltools.gnu-tools-for-stm32.9-2020-q2-update.win32_2.0.0.202105311346/tools/bin/../lib/gcc/arm-none-eabi/9.3.1/../../../../arm-none-eabi/lib/thumb/v7e-m+fp/hard\libc_nano.a(lib_a-impure.o)
                              c:/st/stm32cubeide_1.7.0/stm32cubeide/plugins/com.st.stm32cube.ide.mcu.externaltools.gnu-tools-for-stm32.9-2020-q2-update.win32_2.0.0.202105311346/tools/bin/../lib/gcc/arm-none-eabi/9.3.1/../../../../arm-none-eabi/lib/thumb/v7e-m+fp/hard\libc_nano.a(lib_a-exit.o) (_global_impure_ptr)
c:/st/stm32cubeide_1.7.0/stm32cubeide/plugins/com.st.stm32cube.ide.mcu.externaltools.gnu-tools-for-stm32.9-2020-q2-update.win32_2.0.0.202105311346/tools/bin/../lib/gcc/arm-none-eabi/9.3.1/../../../../arm-none-eabi/lib/thumb/v7e-m+fp/hard\libc_nano.a(lib_a-init.o)
                              c:/st/stm32cubeide_1.7.0/stm32cubeide/plugins/com.st.stm32cube.ide.mcu.externaltools.gnu-tools-for-stm32.9-2020-q2-update.win32_2.0.0.202105311346/tools/bin/../lib/gcc/arm-none-eabi/9.3.1/../../../../arm-none-eabi/lib/thumb/v7e-m+fp/hard/crt0.o (__libc_init_array)
c:/st/stm32cubeide_1.7.0/stm32cubeide/plugins/com.st.stm32cube.ide.mcu.externaltools.gnu-tools-for-stm32.9-2020-q2-update.win32_2.0.0.202105311346/tools/bin/../lib/gcc/arm-none-eabi/9.3.1/../../../../arm-none-eabi/lib/thumb/v7e-m+fp/hard\libc_nano.a(lib_a-memset.o)
                              c:/st/stm32cubeide_1.7.0/stm32cubeide/plugins/com.st.stm32cube.ide.mcu.externaltools.gnu-tools-for-stm32.9-2020-q2-update.win32_2.0.0.202105311346/tools/bin/../lib/gcc/arm-none-eabi/9.3.1/../../../../arm-none-eabi/lib/thumb/v7e-m+fp/hard/crt0.o (memset)
c:/st/stm32cubeide_1.7.0/stm32cubeide/plugins/com.st.stm32cube.ide.mcu.externaltools.gnu-tools-for-stm32.9-2020-q2-update.win32_2.0.0.202105311346/tools/bin/../lib/gcc/arm-none-eabi/9.3.1/../../../../arm-none-eabi/lib/thumb/v7e-m+fp/hard\libm.a(lib_a-wf_pow.o)
                              ./Core/Src/bmp280.o (powf)
c:/st/stm32cubeide_1.7.0/stm32cubeide/plugins/com.st.stm32cube.ide.mcu.externaltools.gnu-tools-for-stm32.9-2020-q2-update.win32_2.0.0.202105311346/tools/bin/../lib/gcc/arm-none-eabi/9.3.1/../../../../arm-none-eabi/lib/thumb/v7e-m+fp/hard\libm.a(lib_a-ef_pow.o)
                              c:/st/stm32cubeide_1.7.0/stm32cubeide/plugins/com.st.stm32cube.ide.mcu.externaltools.gnu-tools-for-stm32.9-2020-q2-update.win32_2.0.0.202105311346/tools/bin/../lib/gcc/arm-none-eabi/9.3.1/../../../../arm-none-eabi/lib/thumb/v7e-m+fp/hard\libm.a(lib_a-wf_pow.o) (__ieee754_powf)
c:/st/stm32cubeide_1.7.0/stm32cubeide/plugins/com.st.stm32cube.ide.mcu.externaltools.gnu-tools-for-stm32.9-2020-q2-update.win32_2.0.0.202105311346/tools/bin/../lib/gcc/arm-none-eabi/9.3.1/../../../../arm-none-eabi/lib/thumb/v7e-m+fp/hard\libm.a(lib_a-ef_sqrt.o)
                              c:/st/stm32cubeide_1.7.0/stm32cubeide/plugins/com.st.stm32cube.ide.mcu.externaltools.gnu-tools-for-stm32.9-2020-q2-update.win32_2.0.0.202105311346/tools/bin/../lib/gcc/arm-none-eabi/9.3.1/../../../../arm-none-eabi/lib/thumb/v7e-m+fp/hard\libm.a(lib_a-ef_pow.o) (__ieee754_sqrtf)
c:/st/stm32cubeide_1.7.0/stm32cubeide/plugins/com.st.stm32cube.ide.mcu.externaltools.gnu-tools-for-stm32.9-2020-q2-update.win32_2.0.0.202105311346/tools/bin/../lib/gcc/arm-none-eabi/9.3.1/../../../../arm-none-eabi/lib/thumb/v7e-m+fp/hard\libm.a(lib_a-s_lib_ver.o)
                              c:/st/stm32cubeide_1.7.0/stm32cubeide/plugins/com.st.stm32cube.ide.mcu.externaltools.gnu-tools-for-stm32.9-2020-q2-update.win32_2.0.0.202105311346/tools/bin/../lib/gcc/arm-none-eabi/9.3.1/../../../../arm-none-eabi/lib/thumb/v7e-m+fp/hard\libm.a(lib_a-wf_pow.o) (__fdlib_version)
c:/st/stm32cubeide_1.7.0/stm32cubeide/plugins/com.st.stm32cube.ide.mcu.externaltools.gnu-tools-for-stm32.9-2020-q2-update.win32_2.0.0.202105311346/tools/bin/../lib/gcc/arm-none-eabi/9.3.1/../../../../arm-none-eabi/lib/thumb/v7e-m+fp/hard\libm.a(lib_a-sf_fabs.o)
[...]
Memory Configuration

Name             Origin             Length             Attributes
RAM              0x0000000020000000 0x0000000000020000 xrw
FLASH            0x0000000008000000 0x0000000000080000 xr
*default*        0x0000000000000000 0xffffffffffffffff

Linker script and memory map

LOAD c:/st/stm32cubeide_1.7.0/stm32cubeide/plugins/com.st.stm32cube.ide.mcu.externaltools.gnu-tools-for-stm32.9-2020-q2-update.win32_2.0.0.202105311346/tools/bin/../lib/gcc/arm-none-eabi/9.3.1/thumb/v7e-m+fp/hard/crti.o
LOAD c:/st/stm32cubeide_1.7.0/stm32cubeide/plugins/com.st.stm32cube.ide.mcu.externaltools.gnu-tools-for-stm32.9-2020-q2-update.win32_2.0.0.202105311346/tools/bin/../lib/gcc/arm-none-eabi/9.3.1/thumb/v7e-m+fp/hard/crtbegin.o
LOAD c:/st/stm32cubeide_1.7.0/stm32cubeide/plugins/com.st.stm32cube.ide.mcu.externaltools.gnu-tools-for-stm32.9-2020-q2-update.win32_2.0.0.202105311346/tools/bin/../lib/gcc/arm-none-eabi/9.3.1/../../../../arm-none-eabi/lib/thumb/v7e-m+fp/hard/crt0.o
LOAD ./Core/Src/bmp280.o
LOAD ./Core/Src/clock.o
LOAD ./Core/Src/delay.o
LOAD ./Core/Src/i2c.o
LOAD ./Core/Src/main.o
LOAD ./Core/Src/stm32f4xx_it.o
LOAD ./Core/Src/syscalls.o
LOAD ./Core/Src/sysmem.o
LOAD ./Core/Src/system_stm32f4xx.o
LOAD ./Core/Startup/startup_stm32f411ceux.o
START GROUP
LOAD c:/st/stm32cubeide_1.7.0/stm32cubeide/plugins/com.st.stm32cube.ide.mcu.externaltools.gnu-tools-for-stm32.9-2020-q2-update.win32_2.0.0.202105311346/tools/bin/../lib/gcc/arm-none-eabi/9.3.1/../../../../arm-none-eabi/lib/thumb/v7e-m+fp/hard\libc_nano.a
LOAD c:/st/stm32cubeide_1.7.0/stm32cubeide/plugins/com.st.stm32cube.ide.mcu.externaltools.gnu-tools-for-stm32.9-2020-q2-update.win32_2.0.0.202105311346/tools/bin/../lib/gcc/arm-none-eabi/9.3.1/../../../../arm-none-eabi/lib/thumb/v7e-m+fp/hard\libm.a
END GROUP
START GROUP
LOAD c:/st/stm32cubeide_1.7.0/stm32cubeide/plugins/com.st.stm32cube.ide.mcu.externaltools.gnu-tools-for-stm32.9-2020-q2-update.win32_2.0.0.202105311346/tools/bin/../lib/gcc/arm-none-eabi/9.3.1/thumb/v7e-m+fp/hard\libgcc.a
LOAD c:/st/stm32cubeide_1.7.0/stm32cubeide/plugins/com.st.stm32cube.ide.mcu.externaltools.gnu-tools-for-stm32.9-2020-q2-update.win32_2.0.0.202105311346/tools/bin/../lib/gcc/arm-none-eabi/9.3.1/../../../../arm-none-eabi/lib/thumb/v7e-m+fp/hard\libc_nano.a
END GROUP
START GROUP
LOAD c:/st/stm32cubeide_1.7.0/stm32cubeide/plugins/com.st.stm32cube.ide.mcu.externaltools.gnu-tools-for-stm32.9-2020-q2-update.win32_2.0.0.202105311346/tools/bin/../lib/gcc/arm-none-eabi/9.3.1/thumb/v7e-m+fp/hard\libgcc.a
LOAD c:/st/stm32cubeide_1.7.0/stm32cubeide/plugins/com.st.stm32cube.ide.mcu.externaltools.gnu-tools-for-stm32.9-2020-q2-update.win32_2.0.0.202105311346/tools/bin/../lib/gcc/arm-none-eabi/9.3.1/../../../../arm-none-eabi/lib/thumb/v7e-m+fp/hard\libc_nano.a
LOAD c:/st/stm32cubeide_1.7.0/stm32cubeide/plugins/com.st.stm32cube.ide.mcu.externaltools.gnu-tools-for-stm32.9-2020-q2-update.win32_2.0.0.202105311346/tools/bin/../lib/gcc/arm-none-eabi/9.3.1/../../../../arm-none-eabi/lib/thumb/v7e-m+fp/hard\libnosys.a
END GROUP
START GROUP
LOAD c:/st/stm32cubeide_1.7.0/stm32cubeide/plugins/com.st.stm32cube.ide.mcu.externaltools.gnu-tools-for-stm32.9-2020-q2-update.win32_2.0.0.202105311346/tools/bin/../lib/gcc/arm-none-eabi/9.3.1/thumb/v7e-m+fp/hard\libgcc.a
LOAD c:/st/stm32cubeide_1.7.0/stm32cubeide/plugins/com.st.stm32cube.ide.mcu.externaltools.gnu-tools-for-stm32.9-2020-q2-update.win32_2.0.0.202105311346/tools/bin/../lib/gcc/arm-none-eabi/9.3.1/../../../../arm-none-eabi/lib/thumb/v7e-m+fp/hard\libc_nano.a
LOAD c:/st/stm32cubeide_1.7.0/stm32cubeide/plugins/com.st.stm32cube.ide.mcu.externaltools.gnu-tools-for-stm32.9-2020-q2-update.win32_2.0.0.202105311346/tools/bin/../lib/gcc/arm-none-eabi/9.3.1/../../../../arm-none-eabi/lib/thumb/v7e-m+fp/hard\libnosys.a
END GROUP
LOAD c:/st/stm32cubeide_1.7.0/stm32cubeide/plugins/com.st.stm32cube.ide.mcu.externaltools.gnu-tools-for-stm32.9-2020-q2-update.win32_2.0.0.202105311346/tools/bin/../lib/gcc/arm-none-eabi/9.3.1/thumb/v7e-m+fp/hard/crtend.o
LOAD c:/st/stm32cubeide_1.7.0/stm32cubeide/plugins/com.st.stm32cube.ide.mcu.externaltools.gnu-tools-for-stm32.9-2020-q2-update.win32_2.0.0.202105311346/tools/bin/../lib/gcc/arm-none-eabi/9.3.1/thumb/v7e-m+fp/hard/crtn.o
                0x0000000020020000                _estack = (ORIGIN (RAM) + LENGTH (RAM))
                0x0000000000000200                _Min_Heap_Size = 0x200
                0x0000000000000400                _Min_Stack_Size = 0x400

.isr_vector     0x0000000008000000      0x198
                0x0000000008000000                . = ALIGN (0x4)
 *(.isr_vector)
 .isr_vector    0x0000000008000000      0x198 ./Core/Startup/startup_stm32f411ceux.o
                0x0000000008000000                g_pfnVectors
                0x0000000008000198                . = ALIGN (0x4)

.text           0x0000000008000198     0x1990
                0x0000000008000198                . = ALIGN (0x4)
 *(.text)
 .text          0x0000000008000198       0x40 c:/st/stm32cubeide_1.7.0/stm32cubeide/plugins/com.st.stm32cube.ide.mcu.externaltools.gnu-tools-for-stm32.9-2020-q2-update.win32_2.0.0.202105311346/tools/bin/../lib/gcc/arm-none-eabi/9.3.1/thumb/v7e-m+fp/hard/crtbegin.o
 *(.text*)
 .text.BMP280_WriteReg
                0x00000000080001d8       0x38 ./Core/Src/bmp280.o
 .text.BMP280_ReadReg
                0x0000000008000210       0x34 ./Core/Src/bmp280.o
 .text.BMP280_ReadRegs
                0x0000000008000244       0x38 ./Core/Src/bmp280.o
 .text.BMP280_CheckID
                0x000000000800027c       0x54 ./Core/Src/bmp280.o
 .text.BMP280_Reset
                0x00000000080002d0       0x1c ./Core/Src/bmp280.o
 .text.BMP280_ReadCalibration
                0x00000000080002ec      0x108 ./Core/Src/bmp280.o
 .text.BMP280_SetCtrlMeas
                0x00000000080003f4       0x1c ./Core/Src/bmp280.o
 .text.BMP280_SetConfig
                0x0000000008000410       0x1c ./Core/Src/bmp280.o
 .text.BMP280_Init
                0x000000000800042c       0x64 ./Core/Src/bmp280.o
                0x000000000800042c                BMP280_Init
 .text.BMP280_ReadRawData
                0x0000000008000490       0x84 ./Core/Src/bmp280.o
 .text.BMP280_CompensateTemperature
                0x0000000008000514       0x84 ./Core/Src/bmp280.o
 .text.BMP280_CompensatePressure
                0x0000000008000598      0x144 ./Core/Src/bmp280.o
 .text.BMP280_SetReferencePressure
                0x00000000080006dc       0x48 ./Core/Src/bmp280.o
                0x00000000080006dc                BMP280_SetReferencePressure
 .text.BMP280_ReadTemperatureAndPressureAndAltitude
                0x0000000008000724       0xc0 ./Core/Src/bmp280.o
                0x0000000008000724                BMP280_ReadTemperatureAndPressureAndAltitude
 .text.clock_init
                0x00000000080007e4      0x140 ./Core/Src/clock.o
                0x00000000080007e4                clock_init
 .text.clock_enable_AHB1
                0x0000000008000924       0x30 ./Core/Src/clock.o
                0x0000000008000924                clock_enable_AHB1
 .text.clock_enable_APB1
                0x0000000008000954       0x30 ./Core/Src/clock.o
                0x0000000008000954                clock_enable_APB1
 .text.clock_enable_APB2
                0x0000000008000984       0x30 ./Core/Src/clock.o
                0x0000000008000984                clock_enable_APB2
 .text.delay_init
                0x00000000080009b4       0x74 ./Core/Src/delay.o
                0x00000000080009b4                delay_init
 .text.TIM1_UP_TIM10_IRQHandler
                0x0000000008000a28       0x38 ./Core/Src/delay.o
                0x0000000008000a28                TIM1_UP_TIM10_IRQHandler
 .text.delay_ms
                0x0000000008000a60       0x30 ./Core/Src/delay.o
                0x0000000008000a60                delay_ms
 .text.i2c_start
                0x0000000008000a90       0x30 ./Core/Src/i2c.o
                0x0000000008000a90                i2c_start
 .text.i2c_stop
                0x0000000008000ac0       0x24 ./Core/Src/i2c.o
                0x0000000008000ac0                i2c_stop
 .text.i2c_wait_flag_set
                0x0000000008000ae4       0x3c ./Core/Src/i2c.o
 .text.i2c_clear_addr_flag
                0x0000000008000b20       0x2c ./Core/Src/i2c.o
 .text.i2c_send_address
                0x0000000008000b4c       0x84 ./Core/Src/i2c.o
 .text.i2c_init
                0x0000000008000bd0      0x130 ./Core/Src/i2c.o
                0x0000000008000bd0                i2c_init
 .text.i2c_send_byte
                0x0000000008000d00       0x74 ./Core/Src/i2c.o
                0x0000000008000d00                i2c_send_byte
 .text.i2c_master_receive
                0x0000000008000d74      0x22c ./Core/Src/i2c.o
                0x0000000008000d74                i2c_master_receive
 .text.i2c_mem_write
                0x0000000008000fa0       0xc0 ./Core/Src/i2c.o
                0x0000000008000fa0                i2c_mem_write
 .text.i2c_mem_read
                0x0000000008001060       0x98 ./Core/Src/i2c.o
                0x0000000008001060                i2c_mem_read
 .text.main     0x00000000080010f8       0x6c ./Core/Src/main.o
                0x00000000080010f8                main
 .text.NMI_Handler
                0x0000000008001164        0x6 ./Core/Src/stm32f4xx_it.o
                0x0000000008001164                NMI_Handler
 .text.HardFault_Handler
                0x000000000800116a        0x6 ./Core/Src/stm32f4xx_it.o
                0x000000000800116a                HardFault_Handler
 .text.MemManage_Handler
                0x0000000008001170        0x6 ./Core/Src/stm32f4xx_it.o
                0x0000000008001170                MemManage_Handler
 .text.BusFault_Handler
                0x0000000008001176        0x6 ./Core/Src/stm32f4xx_it.o
                0x0000000008001176                BusFault_Handler
 .text.UsageFault_Handler
                0x000000000800117c        0x6 ./Core/Src/stm32f4xx_it.o
                0x000000000800117c                UsageFault_Handler
 .text.SVC_Handler
                0x0000000008001182        0xe ./Core/Src/stm32f4xx_it.o
                0x0000000008001182                SVC_Handler
 .text.DebugMon_Handler
                0x0000000008001190        0xe ./Core/Src/stm32f4xx_it.o
                0x0000000008001190                DebugMon_Handler
 .text.PendSV_Handler
                0x000000000800119e        0xe ./Core/Src/stm32f4xx_it.o
                0x000000000800119e                PendSV_Handler
 .text.SysTick_Handler
                0x00000000080011ac        0xe ./Core/Src/stm32f4xx_it.o
                0x00000000080011ac                SysTick_Handler
 *fill*         0x00000000080011ba        0x2 
 .text.SystemInit
                0x00000000080011bc       0x24 ./Core/Src/system_stm32f4xx.o
                0x00000000080011bc                SystemInit
 .text.Reset_Handler
                0x00000000080011e0       0x50 ./Core/Startup/startup_stm32f411ceux.o
                0x00000000080011e0                Reset_Handler
 .text.Default_Handler
                0x0000000008001230        0x2 ./Core/Startup/startup_stm32f411ceux.o
                0x0000000008001230                RTC_Alarm_IRQHandler
                0x0000000008001230                EXTI2_IRQHandler
                0x0000000008001230                SPI4_IRQHandler
                0x0000000008001230                TIM1_CC_IRQHandler
                0x0000000008001230                DMA2_Stream5_IRQHandler
                0x0000000008001230                DMA1_Stream5_IRQHandler
                0x0000000008001230                PVD_IRQHandler
                0x0000000008001230                SDIO_IRQHandler
                0x0000000008001230                TAMP_STAMP_IRQHandler
                0x0000000008001230                EXTI3_IRQHandler
                0x0000000008001230                I2C3_ER_IRQHandler
                0x0000000008001230                EXTI0_IRQHandler
                0x0000000008001230                I2C2_EV_IRQHandler
                0x0000000008001230                DMA1_Stream2_IRQHandler
                0x0000000008001230                FPU_IRQHandler
                0x0000000008001230                DMA2_Stream2_IRQHandler
                0x0000000008001230                SPI1_IRQHandler
                0x0000000008001230                TIM1_BRK_TIM9_IRQHandler
                0x0000000008001230                DMA2_Stream3_IRQHandler
                0x0000000008001230                USART6_IRQHandler
                0x0000000008001230                DMA2_Stream0_IRQHandler
                0x0000000008001230                TIM4_IRQHandler
                0x0000000008001230                I2C1_EV_IRQHandler
                0x0000000008001230                DMA1_Stream6_IRQHandler
                0x0000000008001230                DMA1_Stream1_IRQHandler
                0x0000000008001230                TIM3_IRQHandler
                0x0000000008001230                RCC_IRQHandler
                0x0000000008001230                Default_Handler
                0x0000000008001230                EXTI15_10_IRQHandler
                0x0000000008001230                ADC_IRQHandler
                0x0000000008001230                DMA1_Stream7_IRQHandler
                0x0000000008001230                SPI5_IRQHandler
                0x0000000008001230                TIM5_IRQHandler
                0x0000000008001230                DMA2_Stream7_IRQHandler
                0x0000000008001230                I2C3_EV_IRQHandler
                0x0000000008001230                EXTI9_5_IRQHandler
                0x0000000008001230                RTC_WKUP_IRQHandler
                0x0000000008001230                SPI2_IRQHandler
                0x0000000008001230                DMA1_Stream0_IRQHandler
                0x0000000008001230                EXTI4_IRQHandler
                0x0000000008001230                WWDG_IRQHandler
                0x0000000008001230                TIM2_IRQHandler
                0x0000000008001230                OTG_FS_WKUP_IRQHandler
                0x0000000008001230                TIM1_TRG_COM_TIM11_IRQHandler
                0x0000000008001230                EXTI1_IRQHandler
                0x0000000008001230                USART2_IRQHandler
                0x0000000008001230                I2C2_ER_IRQHandler
                0x0000000008001230                DMA2_Stream1_IRQHandler
                0x0000000008001230                FLASH_IRQHandler
                0x0000000008001230                DMA2_Stream4_IRQHandler
                0x0000000008001230                USART1_IRQHandler
                0x0000000008001230                OTG_FS_IRQHandler
                0x0000000008001230                SPI3_IRQHandler
                0x0000000008001230                DMA1_Stream4_IRQHandler
                0x0000000008001230                I2C1_ER_IRQHandler
                0x0000000008001230                DMA2_Stream6_IRQHandler
                0x0000000008001230                DMA1_Stream3_IRQHandler
 *fill*         0x0000000008001232        0x2 
 .text.__errno  0x0000000008001234        0xc c:/st/stm32cubeide_1.7.0/stm32cubeide/plugins/com.st.stm32cube.ide.mcu.externaltools.gnu-tools-for-stm32.9-2020-q2-update.win32_2.0.0.202105311346/tools/bin/../lib/gcc/arm-none-eabi/9.3.1/../../../../arm-none-eabi/lib/thumb/v7e-m+fp/hard\libc_nano.a(lib_a-errno.o)
                0x0000000008001234                __errno
 .text.__libc_init_array
                0x0000000008001240       0x48 c:/st/stm32cubeide_1.7.0/stm32cubeide/plugins/com.st.stm32cube.ide.mcu.externaltools.gnu-tools-for-stm32.9-2020-q2-update.win32_2.0.0.202105311346/tools/bin/../lib/gcc/arm-none-eabi/9.3.1/../../../../arm-none-eabi/lib/thumb/v7e-m+fp/hard\libc_nano.a(lib_a-init.o)
                0x0000000008001240                __libc_init_array
 .text.powf     0x0000000008001288      0x130 c:/st/stm32cubeide_1.7.0/stm32cubeide/plugins/com.st.stm32cube.ide.mcu.externaltools.gnu-tools-for-stm32.9-2020-q2-update.win32_2.0.0.202105311346/tools/bin/../lib/gcc/arm-none-eabi/9.3.1/../../../../arm-none-eabi/lib/thumb/v7e-m+fp/hard\libm.a(lib_a-wf_pow.o)
                0x0000000008001288                powf
 .text.__ieee754_powf
                0x00000000080013b8      0x580 c:/st/stm32cubeide_1.7.0/stm32cubeide/plugins/com.st.stm32cube.ide.mcu.externaltools.gnu-tools-for-stm32.9-2020-q2-update.win32_2.0.0.202105311346/tools/bin/../lib/gcc/arm-none-eabi/9.3.1/../../../../arm-none-eabi/lib/thumb/v7e-m+fp/hard\libm.a(lib_a-ef_pow.o)
                0x00000000080013b8                __ieee754_powf
 .text.__ieee754_sqrtf
                0x0000000008001938        0x6 c:/st/stm32cubeide_1.7.0/stm32cubeide/plugins/com.st.stm32cube.ide.mcu.externaltools.gnu-tools-for-stm32.9-2020-q2-update.win32_2.0.0.202105311346/tools/bin/../lib/gcc/arm-none-eabi/9.3.1/../../../../arm-none-eabi/lib/thumb/v7e-m+fp/hard\libm.a(lib_a-ef_sqrt.o)
                0x0000000008001938                __ieee754_sqrtf
 .text.fabsf    0x000000000800193e        0xe c:/st/stm32cubeide_1.7.0/stm32cubeide/plugins/com.st.stm32cube.ide.mcu.externaltools.gnu-tools-for-stm32.9-2020-q2-update.win32_2.0.0.202105311346/tools/bin/../lib/gcc/arm-none-eabi/9.3.1/../../../../arm-none-eabi/lib/thumb/v7e-m+fp/hard\libm.a(lib_a-sf_fabs.o)
                0x000000000800193e                fabsf
 .text.finitef  0x000000000800194c       0x1a c:/st/stm32cubeide_1.7.0/stm32cubeide/plugins/com.st.stm32cube.ide.mcu.externaltools.gnu-tools-for-stm32.9-2020-q2-update.win32_2.0.0.202105311346/tools/bin/../lib/gcc/arm-none-eabi/9.3.1/../../../../arm-none-eabi/lib/thumb/v7e-m+fp/hard\libm.a(lib_a-sf_finite.o)
                0x000000000800194c                finitef
 *fill*         0x0000000008001966        0x2 
 .text.nanf     0x0000000008001968        0xc c:/st/stm32cubeide_1.7.0/stm32cubeide/plugins/com.st.stm32cube.ide.mcu.externaltools.gnu-tools-for-stm32.9-2020-q2-update.win32_2.0.0.202105311346/tools/bin/../lib/gcc/arm-none-eabi/9.3.1/../../../../arm-none-eabi/lib/thumb/v7e-m+fp/hard\libm.a(lib_a-sf_nan.o)
                0x0000000008001968                nanf
 .text.rintf    0x0000000008001974       0xb8 c:/st/stm32cubeide_1.7.0/stm32cubeide/plugins/com.st.stm32cube.ide.mcu.externaltools.gnu-tools-for-stm32.9-2020-q2-update.win32_2.0.0.202105311346/tools/bin/../lib/gcc/arm-none-eabi/9.3.1/../../../../arm-none-eabi/lib/thumb/v7e-m+fp/hard\libm.a(lib_a-sf_rint.o)
                0x0000000008001974                rintf
 .text.scalbnf  0x0000000008001a2c       0xe4 c:/st/stm32cubeide_1.7.0/stm32cubeide/plugins/com.st.stm32cube.ide.mcu.externaltools.gnu-tools-for-stm32.9-2020-q2-update.win32_2.0.0.202105311346/tools/bin/../lib/gcc/arm-none-eabi/9.3.1/../../../../arm-none-eabi/lib/thumb/v7e-m+fp/hard\libm.a(lib_a-sf_scalbn.o)
                0x0000000008001a2c                scalbnf
 *(.glue_7)
 .glue_7        0x0000000008001b10        0x0 linker stubs
 *(.glue_7t)
 .glue_7t       0x0000000008001b10        0x0 linker stubs
 *(.eh_frame)
 .eh_frame      0x0000000008001b10        0x0 c:/st/stm32cubeide_1.7.0/stm32cubeide/plugins/com.st.stm32cube.ide.mcu.externaltools.gnu-tools-for-stm32.9-2020-q2-update.win32_2.0.0.202105311346/tools/bin/../lib/gcc/arm-none-eabi/9.3.1/thumb/v7e-m+fp/hard/crtbegin.o
 *(.init)
 .init          0x0000000008001b10        0x4 c:/st/stm32cubeide_1.7.0/stm32cubeide/plugins/com.st.stm32cube.ide.mcu.externaltools.gnu-tools-for-stm32.9-2020-q2-update.win32_2.0.0.202105311346/tools/bin/../lib/gcc/arm-none-eabi/9.3.1/thumb/v7e-m+fp/hard/crti.o
                0x0000000008001b10                _init
 .init          0x0000000008001b14        0x8 c:/st/stm32cubeide_1.7.0/stm32cubeide/plugins/com.st.stm32cube.ide.mcu.externaltools.gnu-tools-for-stm32.9-2020-q2-update.win32_2.0.0.202105311346/tools/bin/../lib/gcc/arm-none-eabi/9.3.1/thumb/v7e-m+fp/hard/crtn.o
 *(.fini)
 .fini          0x0000000008001b1c        0x4 c:/st/stm32cubeide_1.7.0/stm32cubeide/plugins/com.st.stm32cube.ide.mcu.externaltools.gnu-tools-for-stm32.9-2020-q2-update.win32_2.0.0.202105311346/tools/bin/../lib/gcc/arm-none-eabi/9.3.1/thumb/v7e-m+fp/hard/crti.o
                0x0000000008001b1c                _fini
 .fini          0x0000000008001b20        0x8 c:/st/stm32cubeide_1.7.0/stm32cubeide/plugins/com.st.stm32cube.ide.mcu.externaltools.gnu-tools-for-stm32.9-2020-q2-update.win32_2.0.0.202105311346/tools/bin/../lib/gcc/arm-none-eabi/9.3.1/thumb/v7e-m+fp/hard/crtn.o
                0x0000000008001b28                . = ALIGN (0x4)
                0x0000000008001b28                _etext = .

.vfp11_veneer   0x0000000008001b28        0x0
 .vfp11_veneer  0x0000000008001b28        0x0 linker stubs

.v4_bx          0x0000000008001b28        0x0
 .v4_bx         0x0000000008001b28        0x0 linker stubs

.iplt           0x0000000008001b28        0x0
 .iplt          0x0000000008001b28        0x0 c:/st/stm32cubeide_1.7.0/stm32cubeide/plugins/com.st.stm32cube.ide.mcu.externaltools.gnu-tools-for-stm32.9-2020-q2-update.win32_2.0.0.202105311346/tools/bin/../lib/gcc/arm-none-eabi/9.3.1/thumb/v7e-m+fp/hard/crtbegin.o

.rodata         0x0000000008001b28       0x24
                0x0000000008001b28                . = ALIGN (0x4)
 *(.rodata)
 *(.rodata*)
 .rodata.__ieee754_powf.str1.1
                0x0000000008001b28        0x1 c:/st/stm32cubeide_1.7.0/stm32cubeide/plugins/com.st.stm32cube.ide.mcu.externaltools.gnu-tools-for-stm32.9-2020-q2-update.win32_2.0.0.202105311346/tools/bin/../lib/gcc/arm-none-eabi/9.3.1/../../../../arm-none-eabi/lib/thumb/v7e-m+fp/hard\libm.a(lib_a-ef_pow.o)
 *fill*         0x0000000008001b29        0x3 
 .rodata.bp     0x0000000008001b2c        0x8 c:/st/stm32cubeide_1.7.0/stm32cubeide/plugins/com.st.stm32cube.ide.mcu.externaltools.gnu-tools-for-stm32.9-2020-q2-update.win32_2.0.0.202105311346/tools/bin/../lib/gcc/arm-none-eabi/9.3.1/../../../../arm-none-eabi/lib/thumb/v7e-m+fp/hard\libm.a(lib_a-ef_pow.o)
 .rodata.dp_h   0x0000000008001b34        0x8 c:/st/stm32cubeide_1.7.0/stm32cubeide/plugins/com.st.stm32cube.ide.mcu.externaltools.gnu-tools-for-stm32.9-2020-q2-update.win32_2.0.0.202105311346/tools/bin/../lib/gcc/arm-none-eabi/9.3.1/../../../../arm-none-eabi/lib/thumb/v7e-m+fp/hard\libm.a(lib_a-ef_pow.o)
 .rodata.dp_l   0x0000000008001b3c        0x8 c:/st/stm32cubeide_1.7.0/stm32cubeide/plugins/com.st.stm32cube.ide.mcu.externaltools.gnu-tools-for-stm32.9-2020-q2-update.win32_2.0.0.202105311346/tools/bin/../lib/gcc/arm-none-eabi/9.3.1/../../../../arm-none-eabi/lib/thumb/v7e-m+fp/hard\libm.a(lib_a-ef_pow.o)
 .rodata.TWO23  0x0000000008001b44        0x8 c:/st/stm32cubeide_1.7.0/stm32cubeide/plugins/com.st.stm32cube.ide.mcu.externaltools.gnu-tools-for-stm32.9-2020-q2-update.win32_2.0.0.202105311346/tools/bin/../lib/gcc/arm-none-eabi/9.3.1/../../../../arm-none-eabi/lib/thumb/v7e-m+fp/hard\libm.a(lib_a-sf_rint.o)
                0x0000000008001b4c                . = ALIGN (0x4)

.rel.dyn        0x0000000008001b4c        0x0
 .rel.iplt      0x0000000008001b4c        0x0 c:/st/stm32cubeide_1.7.0/stm32cubeide/plugins/com.st.stm32cube.ide.mcu.externaltools.gnu-tools-for-stm32.9-2020-q2-update.win32_2.0.0.202105311346/tools/bin/../lib/gcc/arm-none-eabi/9.3.1/thumb/v7e-m+fp/hard/crtbegin.o

.ARM.extab      0x0000000008001b4c        0x0
                0x0000000008001b4c                . = ALIGN (0x4)
 *(.ARM.extab* .gnu.linkonce.armextab.*)
                0x0000000008001b4c                . = ALIGN (0x4)

.ARM            0x0000000008001b4c        0x0
                0x0000000008001b4c                . = ALIGN (0x4)
                0x0000000008001b4c                __exidx_start = .
 *(.ARM.exidx*)
                0x0000000008001b4c                __exidx_end = .
                0x0000000008001b4c                . = ALIGN (0x4)

.preinit_array  0x0000000008001b4c        0x0
                0x0000000008001b4c                . = ALIGN (0x4)
                0x0000000008001b4c                PROVIDE (__preinit_array_start = .)
 *(.preinit_array*)
                0x0000000008001b4c                PROVIDE (__preinit_array_end = .)
                0x0000000008001b4c                . = ALIGN (0x4)

.init_array     0x0000000008001b4c        0x4
                0x0000000008001b4c                . = ALIGN (0x4)
                0x0000000008001b4c                PROVIDE (__init_array_start = .)
 *(SORT_BY_NAME(.init_array.*))
 *(.init_array*)
 .init_array    0x0000000008001b4c        0x4 c:/st/stm32cubeide_1.7.0/stm32cubeide/plugins/com.st.stm32cube.ide.mcu.externaltools.gnu-tools-for-stm32.9-2020-q2-update.win32_2.0.0.202105311346/tools/bin/../lib/gcc/arm-none-eabi/9.3.1/thumb/v7e-m+fp/hard/crtbegin.o
                0x0000000008001b50                PROVIDE (__init_array_end = .)
                0x0000000008001b50                . = ALIGN (0x4)

.fini_array     0x0000000008001b50        0x4
                0x0000000008001b50                . = ALIGN (0x4)
                [!provide]                        PROVIDE (__fini_array_start = .)
 *(SORT_BY_NAME(.fini_array.*))
 *(.fini_array*)
 .fini_array    0x0000000008001b50        0x4 c:/st/stm32cubeide_1.7.0/stm32cubeide/plugins/com.st.stm32cube.ide.mcu.externaltools.gnu-tools-for-stm32.9-2020-q2-update.win32_2.0.0.202105311346/tools/bin/../lib/gcc/arm-none-eabi/9.3.1/thumb/v7e-m+fp/hard/crtbegin.o
                [!provide]                        PROVIDE (__fini_array_end = .)
                0x0000000008001b54                . = ALIGN (0x4)
                0x0000000008001b54                _sidata = LOADADDR (.data)

.data           0x0000000020000000       0xa0 load address 0x0000000008001b54
                0x0000000020000000                . = ALIGN (0x4)
                0x0000000020000000                _sdata = .
 *(.data)
 *(.data*)
 .data.bmp280_addr
                0x0000000020000000        0x1 ./Core/Src/bmp280.o
 *fill*         0x0000000020000001        0x3 
 .data.GPIOB_MODER
                0x0000000020000004        0x4 ./Core/Src/i2c.o
                0x0000000020000004                GPIOB_MODER
 .data.GPIOB_OTYPER
                0x0000000020000008        0x4 ./Core/Src/i2c.o
                0x0000000020000008                GPIOB_OTYPER
 .data.GPIOB_OSPEEDR
                0x000000002000000c        0x4 ./Core/Src/i2c.o
                0x000000002000000c                GPIOB_OSPEEDR
 .data.GPIOB_PUPDR
                0x0000000020000010        0x4 ./Core/Src/i2c.o
                0x0000000020000010                GPIOB_PUPDR
 .data.GPIOB_AFRL
                0x0000000020000014        0x4 ./Core/Src/i2c.o
                0x0000000020000014                GPIOB_AFRL
 .data.I2C1_CR1
                0x0000000020000018        0x4 ./Core/Src/i2c.o
                0x0000000020000018                I2C1_CR1
 .data.I2C1_CR2
                0x000000002000001c        0x4 ./Core/Src/i2c.o
                0x000000002000001c                I2C1_CR2
 .data.I2C1_OAR1
                0x0000000020000020        0x4 ./Core/Src/i2c.o
                0x0000000020000020                I2C1_OAR1
 .data.I2C1_DR  0x0000000020000024        0x4 ./Core/Src/i2c.o
                0x0000000020000024                I2C1_DR
 .data.I2C1_SR1
                0x0000000020000028        0x4 ./Core/Src/i2c.o
                0x0000000020000028                I2C1_SR1
 .data.I2C1_SR2
                0x000000002000002c        0x4 ./Core/Src/i2c.o
                0x000000002000002c                I2C1_SR2
 .data.I2C1_CCR
                0x0000000020000030        0x4 ./Core/Src/i2c.o
                0x0000000020000030                I2C1_CCR
 .data.I2C1_TRISE
                0x0000000020000034        0x4 ./Core/Src/i2c.o
                0x0000000020000034                I2C1_TRISE
 .data._impure_ptr
                0x0000000020000038        0x4 c:/st/stm32cubeide_1.7.0/stm32cubeide/plugins/com.st.stm32cube.ide.mcu.externaltools.gnu-tools-for-stm32.9-2020-q2-update.win32_2.0.0.202105311346/tools/bin/../lib/gcc/arm-none-eabi/9.3.1/../../../../arm-none-eabi/lib/thumb/v7e-m+fp/hard\libc_nano.a(lib_a-impure.o)
                0x0000000020000038                _impure_ptr
 .data.impure_data
                0x000000002000003c       0x60 c:/st/stm32cubeide_1.7.0/stm32cubeide/plugins/com.st.stm32cube.ide.mcu.externaltools.gnu-tools-for-stm32.9-2020-q2-update.win32_2.0.0.202105311346/tools/bin/../lib/gcc/arm-none-eabi/9.3.1/../../../../arm-none-eabi/lib/thumb/v7e-m+fp/hard\libc_nano.a(lib_a-impure.o)
 .data.__fdlib_version
                0x000000002000009c        0x1 c:/st/stm32cubeide_1.7.0/stm32cubeide/plugins/com.st.stm32cube.ide.mcu.externaltools.gnu-tools-for-stm32.9-2020-q2-update.win32_2.0.0.202105311346/tools/bin/../lib/gcc/arm-none-eabi/9.3.1/../../../../arm-none-eabi/lib/thumb/v7e-m+fp/hard\libm.a(lib_a-s_lib_ver.o)
                0x000000002000009c                __fdlib_version
 *(.RamFunc)
 *(.RamFunc*)
                0x00000000200000a0                . = ALIGN (0x4)
 *fill*         0x000000002000009d        0x3 
                0x00000000200000a0                _edata = .

.igot.plt       0x00000000200000a0        0x0 load address 0x0000000008001bf4
 .igot.plt      0x00000000200000a0        0x0 c:/st/stm32cubeide_1.7.0/stm32cubeide/plugins/com.st.stm32cube.ide.mcu.externaltools.gnu-tools-for-stm32.9-2020-q2-update.win32_2.0.0.202105311346/tools/bin/../lib/gcc/arm-none-eabi/9.3.1/thumb/v7e-m+fp/hard/crtbegin.o
                0x00000000200000a0                . = ALIGN (0x4)

.bss            0x00000000200000a0       0x64 load address 0x0000000008001bf4
                0x00000000200000a0                _sbss = .
                0x00000000200000a0                __bss_start__ = _sbss
 *(.bss)
 .bss           0x00000000200000a0       0x1c c:/st/stm32cubeide_1.7.0/stm32cubeide/plugins/com.st.stm32cube.ide.mcu.externaltools.gnu-tools-for-stm32.9-2020-q2-update.win32_2.0.0.202105311346/tools/bin/../lib/gcc/arm-none-eabi/9.3.1/thumb/v7e-m+fp/hard/crtbegin.o
 *(.bss*)
 .bss.calib     0x00000000200000bc       0x18 ./Core/Src/bmp280.o
 .bss.t_fine    0x00000000200000d4        0x4 ./Core/Src/bmp280.o
 .bss.adc_P     0x00000000200000d8        0x4 ./Core/Src/bmp280.o
 .bss.adc_T     0x00000000200000dc        0x4 ./Core/Src/bmp280.o
 .bss.P0        0x00000000200000e0        0x4 ./Core/Src/bmp280.o
 .bss.altitude_initialized
                0x00000000200000e4        0x1 ./Core/Src/bmp280.o
 *fill*         0x00000000200000e5        0x3 
 .bss.tim1_cnt  0x00000000200000e8        0x4 ./Core/Src/delay.o
                0x00000000200000e8                tim1_cnt
 .bss.temperature
                0x00000000200000ec        0x4 ./Core/Src/main.o
                0x00000000200000ec                temperature
 .bss.pressure  0x00000000200000f0        0x4 ./Core/Src/main.o
                0x00000000200000f0                pressure
 .bss.altitude  0x00000000200000f4        0x4 ./Core/Src/main.o
                0x00000000200000f4                altitude
 *(COMMON)
 COMMON         0x00000000200000f8        0xc ./Core/Src/bmp280.o
                0x00000000200000f8                debug_adc_T
                0x00000000200000fc                debug_dig_P1
                0x0000000020000100                debug_adc_P
                0x0000000020000104                . = ALIGN (0x4)
                0x0000000020000104                _ebss = .
                0x0000000020000104                __bss_end__ = _ebss

._user_heap_stack
                0x0000000020000104      0x604 load address 0x0000000008001bf4
                0x0000000020000108                . = ALIGN (0x8)
 *fill*         0x0000000020000104        0x4 
                [!provide]                        PROVIDE (end = .)
                0x0000000020000108                PROVIDE (_end = .)
                0x0000000020000308                . = (. + _Min_Heap_Size)
 *fill*         0x0000000020000108      0x200 
                0x0000000020000708                . = (. + _Min_Stack_Size)
 *fill*         0x0000000020000308      0x400 
                0x0000000020000708                . = ALIGN (0x8)

/DISCARD/
 libc.a(*)
 libm.a(*)
 libgcc.a(*)

.ARM.attributes
                0x0000000000000000       0x30
 *(.ARM.attributes)
 .ARM.attributes
                0x0000000000000000       0x1e c:/st/stm32cubeide_1.7.0/stm32cubeide/plugins/com.st.stm32cube.ide.mcu.externaltools.gnu-tools-for-stm32.9-2020-q2-update.win32_2.0.0.202105311346/tools/bin/../lib/gcc/arm-none-eabi/9.3.1/thumb/v7e-m+fp/hard/crti.o
 .ARM.attributes
                0x000000000000001e       0x34 c:/st/stm32cubeide_1.7.0/stm32cubeide/plugins/com.st.stm32cube.ide.mcu.externaltools.gnu-tools-for-stm32.9-2020-q2-update.win32_2.0.0.202105311346/tools/bin/../lib/gcc/arm-none-eabi/9.3.1/thumb/v7e-m+fp/hard/crtbegin.o
 .ARM.attributes
                0x0000000000000052       0x34 ./Core/Src/bmp280.o
 .ARM.attributes
                0x0000000000000086       0x34 ./Core/Src/clock.o
 .ARM.attributes
                0x00000000000000ba       0x34 ./Core/Src/delay.o
 .ARM.attributes
                0x00000000000000ee       0x34 ./Core/Src/i2c.o
 .ARM.attributes
                0x0000000000000122       0x34 ./Core/Src/main.o
 .ARM.attributes
                0x0000000000000156       0x34 ./Core/Src/stm32f4xx_it.o
 .ARM.attributes
                0x000000000000018a       0x34 ./Core/Src/system_stm32f4xx.o
 .ARM.attributes
                0x00000000000001be       0x21 ./Core/Startup/startup_stm32f411ceux.o
 .ARM.attributes
                0x00000000000001df       0x34 c:/st/stm32cubeide_1.7.0/stm32cubeide/plugins/com.st.stm32cube.ide.mcu.externaltools.gnu-tools-for-stm32.9-2020-q2-update.win32_2.0.0.202105311346/tools/bin/../lib/gcc/arm-none-eabi/9.3.1/../../../../arm-none-eabi/lib/thumb/v7e-m+fp/hard\libc_nano.a(lib_a-errno.o)
 .ARM.attributes
                0x0000000000000213       0x32 c:/st/stm32cubeide_1.7.0/stm32cubeide/plugins/com.st.stm32cube.ide.mcu.externaltools.gnu-tools-for-stm32.9-2020-q2-update.win32_2.0.0.202105311346/tools/bin/../lib/gcc/arm-none-eabi/9.3.1/../../../../arm-none-eabi/lib/thumb/v7e-m+fp/hard\libc_nano.a(lib_a-impure.o)
 .ARM.attributes
                0x0000000000000245       0x34 c:/st/stm32cubeide_1.7.0/stm32cubeide/plugins/com.st.stm32cube.ide.mcu.externaltools.gnu-tools-for-stm32.9-2020-q2-update.win32_2.0.0.202105311346/tools/bin/../lib/gcc/arm-none-eabi/9.3.1/../../../../arm-none-eabi/lib/thumb/v7e-m+fp/hard\libc_nano.a(lib_a-init.o)
 .ARM.attributes
                0x0000000000000279       0x34 c:/st/stm32cubeide_1.7.0/stm32cubeide/plugins/com.st.stm32cube.ide.mcu.externaltools.gnu-tools-for-stm32.9-2020-q2-update.win32_2.0.0.202105311346/tools/bin/../lib/gcc/arm-none-eabi/9.3.1/../../../../arm-none-eabi/lib/thumb/v7e-m+fp/hard\libm.a(lib_a-wf_pow.o)
 .ARM.attributes
                0x00000000000002ad       0x34 c:/st/stm32cubeide_1.7.0/stm32cubeide/plugins/com.st.stm32cube.ide.mcu.externaltools.gnu-tools-for-stm32.9-2020-q2-update.win32_2.0.0.202105311346/tools/bin/../lib/gcc/arm-none-eabi/9.3.1/../../../../arm-none-eabi/lib/thumb/v7e-m+fp/hard\libm.a(lib_a-ef_pow.o)
 .ARM.attributes
                0x00000000000002e1       0x34 c:/st/stm32cubeide_1.7.0/stm32cubeide/plugins/com.st.stm32cube.ide.mcu.externaltools.gnu-tools-for-stm32.9-2020-q2-update.win32_2.0.0.202105311346/tools/bin/../lib/gcc/arm-none-eabi/9.3.1/../../../../arm-none-eabi/lib/thumb/v7e-m+fp/hard\libm.a(lib_a-ef_sqrt.o)
 .ARM.attributes
                0x0000000000000315       0x32 c:/st/stm32cubeide_1.7.0/stm32cubeide/plugins/com.st.stm32cube.ide.mcu.externaltools.gnu-tools-for-stm32.9-2020-q2-update.win32_2.0.0.202105311346/tools/bin/../lib/gcc/arm-none-eabi/9.3.1/../../../../arm-none-eabi/lib/thumb/v7e-m+fp/hard\libm.a(lib_a-s_lib_ver.o)
 .ARM.attributes
                0x0000000000000347       0x34 c:/st/stm32cubeide_1.7.0/stm32cubeide/plugins/com.st.stm32cube.ide.mcu.externaltools.gnu-tools-for-stm32.9-2020-q2-update.win32_2.0.0.202105311346/tools/bin/../lib/gcc/arm-none-eabi/9.3.1/../../../../arm-none-eabi/lib/thumb/v7e-m+fp/hard\libm.a(lib_a-sf_fabs.o)
 .ARM.attributes
                0x000000000000037b       0x34 c:/st/stm32cubeide_1.7.0/stm32cubeide/plugins/com.st.stm32cube.ide.mcu.externaltools.gnu-tools-for-stm32.9-2020-q2-update.win32_2.0.0.202105311346/tools/bin/../lib/gcc/arm-none-eabi/9.3.1/../../../../arm-none-eabi/lib/thumb/v7e-m+fp/hard\libm.a(lib_a-sf_finite.o)
 .ARM.attributes
                0x00000000000003af       0x34 c:/st/stm32cubeide_1.7.0/stm32cubeide/plugins/com.st.stm32cube.ide.mcu.externaltools.gnu-tools-for-stm32.9-2020-q2-update.win32_2.0.0.202105311346/tools/bin/../lib/gcc/arm-none-eabi/9.3.1/../../../../arm-none-eabi/lib/thumb/v7e-m+fp/hard\libm.a(lib_a-sf_nan.o)
 .ARM.attributes
                0x00000000000003e3       0x34 c:/st/stm32cubeide_1.7.0/stm32cubeide/plugins/com.st.stm32cube.ide.mcu.externaltools.gnu-tools-for-stm32.9-2020-q2-update.win32_2.0.0.202105311346/tools/bin/../lib/gcc/arm-none-eabi/9.3.1/../../../../arm-none-eabi/lib/thumb/v7e-m+fp/hard\libm.a(lib_a-sf_rint.o)
 .ARM.attributes
                0x0000000000000417       0x34 c:/st/stm32cubeide_1.7.0/stm32cubeide/plugins/com.st.stm32cube.ide.mcu.externaltools.gnu-tools-for-stm32.9-2020-q2-update.win32_2.0.0.202105311346/tools/bin/../lib/gcc/arm-none-eabi/9.3.1/../../../../arm-none-eabi/lib/thumb/v7e-m+fp/hard\libm.a(lib_a-sf_scalbn.o)
 .ARM.attributes
                0x000000000000044b       0x1e c:/st/stm32cubeide_1.7.0/stm32cubeide/plugins/com.st.stm32cube.ide.mcu.externaltools.gnu-tools-for-stm32.9-2020-q2-update.win32_2.0.0.202105311346/tools/bin/../lib/gcc/arm-none-eabi/9.3.1/thumb/v7e-m+fp/hard/crtn.o
OUTPUT(driver_bmp280.elf elf32-littlearm)
LOAD linker stubs
LOAD c:/st/stm32cubeide_1.7.0/stm32cubeide/plugins/com.st.stm32cube.ide.mcu.externaltools.gnu-tools-for-stm32.9-2020-q2-update.win32_2.0.0.202105311346/tools/bin/../lib/gcc/arm-none-eabi/9.3.1/../../../../arm-none-eabi/lib/thumb/v7e-m+fp/hard\libc.a
LOAD c:/st/stm32cubeide_1.7.0/stm32cubeide/plugins/com.st.stm32cube.ide.mcu.externaltools.gnu-tools-for-stm32.9-2020-q2-update.win32_2.0.0.202105311346/tools/bin/../lib/gcc/arm-none-eabi/9.3.1/../../../../arm-none-eabi/lib/thumb/v7e-m+fp/hard\libm.a
LOAD c:/st/stm32cubeide_1.7.0/stm32cubeide/plugins/com.st.stm32cube.ide.mcu.externaltools.gnu-tools-for-stm32.9-2020-q2-update.win32_2.0.0.202105311346/tools/bin/../lib/gcc/arm-none-eabi/9.3.1/thumb/v7e-m+fp/hard\libgcc.a

.debug_info     0x0000000000000000     0x1fcd
 .debug_info    0x0000000000000000      0xe33 ./Core/Src/bmp280.o
 .debug_info    0x0000000000000e33      0x2e9 ./Core/Src/clock.o
 .debug_info    0x000000000000111c      0x1d6 ./Core/Src/delay.o
 .debug_info    0x00000000000012f2      0x57b ./Core/Src/i2c.o
 .debug_info    0x000000000000186d      0x100 ./Core/Src/main.o
 .debug_info    0x000000000000196d       0xcc ./Core/Src/stm32f4xx_it.o
 .debug_info    0x0000000000001a39      0x572 ./Core/Src/system_stm32f4xx.o
 .debug_info    0x0000000000001fab       0x22 ./Core/Startup/startup_stm32f411ceux.o

.debug_abbrev   0x0000000000000000      0x816
 .debug_abbrev  0x0000000000000000      0x2a5 ./Core/Src/bmp280.o
 .debug_abbrev  0x00000000000002a5       0xb9 ./Core/Src/clock.o
 .debug_abbrev  0x000000000000035e       0xef ./Core/Src/delay.o
 .debug_abbrev  0x000000000000044d      0x1e0 ./Core/Src/i2c.o
 .debug_abbrev  0x000000000000062d       0x7d ./Core/Src/main.o
 .debug_abbrev  0x00000000000006aa       0x31 ./Core/Src/stm32f4xx_it.o
 .debug_abbrev  0x00000000000006db      0x129 ./Core/Src/system_stm32f4xx.o
 .debug_abbrev  0x0000000000000804       0x12 ./Core/Startup/startup_stm32f411ceux.o

.debug_aranges  0x0000000000000000      0x240
 .debug_aranges
                0x0000000000000000       0x88 ./Core/Src/bmp280.o
 .debug_aranges
                0x0000000000000088       0x40 ./Core/Src/clock.o
 .debug_aranges
                0x00000000000000c8       0x30 ./Core/Src/delay.o
 .debug_aranges
                0x00000000000000f8       0x78 ./Core/Src/i2c.o
 .debug_aranges
                0x0000000000000170       0x20 ./Core/Src/main.o
 .debug_aranges
                0x0000000000000190       0x60 ./Core/Src/stm32f4xx_it.o
 .debug_aranges
                0x00000000000001f0       0x28 ./Core/Src/system_stm32f4xx.o
 .debug_aranges
                0x0000000000000218       0x28 ./Core/Startup/startup_stm32f411ceux.o

.debug_ranges   0x0000000000000000      0x1c8
 .debug_ranges  0x0000000000000000       0x78 ./Core/Src/bmp280.o
 .debug_ranges  0x0000000000000078       0x30 ./Core/Src/clock.o
 .debug_ranges  0x00000000000000a8       0x20 ./Core/Src/delay.o
 .debug_ranges  0x00000000000000c8       0x68 ./Core/Src/i2c.o
 .debug_ranges  0x0000000000000130       0x10 ./Core/Src/main.o
 .debug_ranges  0x0000000000000140       0x50 ./Core/Src/stm32f4xx_it.o
 .debug_ranges  0x0000000000000190       0x18 ./Core/Src/system_stm32f4xx.o
 .debug_ranges  0x00000000000001a8       0x20 ./Core/Startup/startup_stm32f411ceux.o

.debug_macro    0x0000000000000000     0xeaa0
 .debug_macro   0x0000000000000000      0x136 ./Core/Src/bmp280.o
 .debug_macro   0x0000000000000136      0xaa2 ./Core/Src/bmp280.o
 .debug_macro   0x0000000000000bd8       0x22 ./Core/Src/bmp280.o
 .debug_macro   0x0000000000000bfa       0x8e ./Core/Src/bmp280.o
 .debug_macro   0x0000000000000c88       0x51 ./Core/Src/bmp280.o
 .debug_macro   0x0000000000000cd9      0x103 ./Core/Src/bmp280.o
 .debug_macro   0x0000000000000ddc       0x6a ./Core/Src/bmp280.o
 .debug_macro   0x0000000000000e46      0x1df ./Core/Src/bmp280.o
 .debug_macro   0x0000000000001025       0xac ./Core/Src/bmp280.o
 .debug_macro   0x00000000000010d1       0x52 ./Core/Src/bmp280.o
 .debug_macro   0x0000000000001123       0x18 ./Core/Src/bmp280.o
 .debug_macro   0x000000000000113b       0x3c ./Core/Src/bmp280.o
 .debug_macro   0x0000000000001177       0x34 ./Core/Src/bmp280.o
 .debug_macro   0x00000000000011ab      0x174 ./Core/Src/bmp280.o
 .debug_macro   0x000000000000131f       0x16 ./Core/Src/bmp280.o
 .debug_macro   0x0000000000001335       0x43 ./Core/Src/bmp280.o
 .debug_macro   0x0000000000001378       0x34 ./Core/Src/bmp280.o
 .debug_macro   0x00000000000013ac       0x10 ./Core/Src/bmp280.o
 .debug_macro   0x00000000000013bc       0x58 ./Core/Src/bmp280.o
 .debug_macro   0x0000000000001414       0x71 ./Core/Src/bmp280.o
 .debug_macro   0x0000000000001485       0x1c ./Core/Src/bmp280.o
 .debug_macro   0x00000000000014a1      0x12a ./Core/Src/bmp280.o
 .debug_macro   0x00000000000015cb      0x339 ./Core/Src/bmp280.o
 .debug_macro   0x0000000000001904      0x1a9 ./Core/Src/bmp280.o
 .debug_macro   0x0000000000001aad       0x78 ./Core/Src/clock.o
 .debug_macro   0x0000000000001b25       0x16 ./Core/Src/clock.o
 .debug_macro   0x0000000000001b3b       0x8a ./Core/Src/delay.o
 .debug_macro   0x0000000000001bc5       0xe2 ./Core/Src/i2c.o
 .debug_macro   0x0000000000001ca7       0x85 ./Core/Src/main.o
 .debug_macro   0x0000000000001d2c       0x1b ./Core/Src/stm32f4xx_it.o
 .debug_macro   0x0000000000001d47       0xda ./Core/Src/system_stm32f4xx.o
 .debug_macro   0x0000000000001e21       0x2e ./Core/Src/system_stm32f4xx.o
 .debug_macro   0x0000000000001e4f       0x28 ./Core/Src/system_stm32f4xx.o
 .debug_macro   0x0000000000001e77       0x1c ./Core/Src/system_stm32f4xx.o
 .debug_macro   0x0000000000001e93       0x22 ./Core/Src/system_stm32f4xx.o
 .debug_macro   0x0000000000001eb5       0xdf ./Core/Src/system_stm32f4xx.o
 .debug_macro   0x0000000000001f94     0x102d ./Core/Src/system_stm32f4xx.o
 .debug_macro   0x0000000000002fc1      0x11f ./Core/Src/system_stm32f4xx.o
 .debug_macro   0x00000000000030e0     0xb953 ./Core/Src/system_stm32f4xx.o
 .debug_macro   0x000000000000ea33       0x6d ./Core/Src/system_stm32f4xx.o

.debug_line     0x0000000000000000     0x2414
 .debug_line    0x0000000000000000      0x97d ./Core/Src/bmp280.o
 .debug_line    0x000000000000097d      0x49d ./Core/Src/clock.o
 .debug_line    0x0000000000000e1a      0x3fc ./Core/Src/delay.o
 .debug_line    0x0000000000001216      0x77a ./Core/Src/i2c.o
 .debug_line    0x0000000000001990      0x3f3 ./Core/Src/main.o
 .debug_line    0x0000000000001d83      0x117 ./Core/Src/stm32f4xx_it.o
 .debug_line    0x0000000000001e9a      0x4f2 ./Core/Src/system_stm32f4xx.o
 .debug_line    0x000000000000238c       0x88 ./Core/Startup/startup_stm32f411ceux.o

.debug_str      0x0000000000000000    0x5453d
 .debug_str     0x0000000000000000     0x7c99 ./Core/Src/bmp280.o
                                       0x7f9c (size before relaxing)
 .debug_str     0x0000000000007c99      0x3a2 ./Core/Src/clock.o
                                       0x406e (size before relaxing)
 .debug_str     0x000000000000803b       0xe1 ./Core/Src/delay.o
                                       0x3ec2 (size before relaxing)
 .debug_str     0x000000000000811c      0x305 ./Core/Src/i2c.o
                                       0x41be (size before relaxing)
 .debug_str     0x0000000000008421       0x4e ./Core/Src/main.o
                                       0x4013 (size before relaxing)
 .debug_str     0x000000000000846f       0xbd ./Core/Src/stm32f4xx_it.o
                                       0x2e52 (size before relaxing)
 .debug_str     0x000000000000852c    0x4bfdb ./Core/Src/system_stm32f4xx.o
                                      0x4fced (size before relaxing)
 .debug_str     0x0000000000054507       0x36 ./Core/Startup/startup_stm32f411ceux.o
                                         0x76 (size before relaxing)

.comment        0x0000000000000000       0x53
 .comment       0x0000000000000000       0x53 ./Core/Src/bmp280.o
                                         0x54 (size before relaxing)
 .comment       0x0000000000000053       0x54 ./Core/Src/clock.o
 .comment       0x0000000000000053       0x54 ./Core/Src/delay.o
 .comment       0x0000000000000053       0x54 ./Core/Src/i2c.o
 .comment       0x0000000000000053       0x54 ./Core/Src/main.o
 .comment       0x0000000000000053       0x54 ./Core/Src/stm32f4xx_it.o
 .comment       0x0000000000000053       0x54 ./Core/Src/system_stm32f4xx.o

.debug_frame    0x0000000000000000      0x85c
 .debug_frame   0x0000000000000000      0x1e8 ./Core/Src/bmp280.o
 .debug_frame   0x00000000000001e8       0xd8 ./Core/Src/clock.o
 .debug_frame   0x00000000000002c0       0x84 ./Core/Src/delay.o
 .debug_frame   0x0000000000000344      0x1b8 ./Core/Src/i2c.o
 .debug_frame   0x00000000000004fc       0x30 ./Core/Src/main.o
 .debug_frame   0x000000000000052c      0x108 ./Core/Src/stm32f4xx_it.o
 .debug_frame   0x0000000000000634       0x58 ./Core/Src/system_stm32f4xx.o
 .debug_frame   0x000000000000068c       0x20 c:/st/stm32cubeide_1.7.0/stm32cubeide/plugins/com.st.stm32cube.ide.mcu.externaltools.gnu-tools-for-stm32.9-2020-q2-update.win32_2.0.0.202105311346/tools/bin/../lib/gcc/arm-none-eabi/9.3.1/../../../../arm-none-eabi/lib/thumb/v7e-m+fp/hard\libc_nano.a(lib_a-errno.o)
 .debug_frame   0x00000000000006ac       0x2c c:/st/stm32cubeide_1.7.0/stm32cubeide/plugins/com.st.stm32cube.ide.mcu.externaltools.gnu-tools-for-stm32.9-2020-q2-update.win32_2.0.0.202105311346/tools/bin/../lib/gcc/arm-none-eabi/9.3.1/../../../../arm-none-eabi/lib/thumb/v7e-m+fp/hard\libc_nano.a(lib_a-init.o)
 .debug_frame   0x00000000000006d8       0x44 c:/st/stm32cubeide_1.7.0/stm32cubeide/plugins/com.st.stm32cube.ide.mcu.externaltools.gnu-tools-for-stm32.9-2020-q2-update.win32_2.0.0.202105311346/tools/bin/../lib/gcc/arm-none-eabi/9.3.1/../../../../arm-none-eabi/lib/thumb/v7e-m+fp/hard\libm.a(lib_a-wf_pow.o)
 .debug_frame   0x000000000000071c       0x68 c:/st/stm32cubeide_1.7.0/stm32cubeide/plugins/com.st.stm32cube.ide.mcu.externaltools.gnu-tools-for-stm32.9-2020-q2-update.win32_2.0.0.202105311346/tools/bin/../lib/gcc/arm-none-eabi/9.3.1/../../../../arm-none-eabi/lib/thumb/v7e-m+fp/hard\libm.a(lib_a-ef_pow.o)
 .debug_frame   0x0000000000000784       0x20 c:/st/stm32cubeide_1.7.0/stm32cubeide/plugins/com.st.stm32cube.ide.mcu.externaltools.gnu-tools-for-stm32.9-2020-q2-update.win32_2.0.0.202105311346/tools/bin/../lib/gcc/arm-none-eabi/9.3.1/../../../../arm-none-eabi/lib/thumb/v7e-m+fp/hard\libm.a(lib_a-ef_sqrt.o)
 .debug_frame   0x00000000000007a4       0x20 c:/st/stm32cubeide_1.7.0/stm32cubeide/plugins/com.st.stm32cube.ide.mcu.externaltools.gnu-tools-for-stm32.9-2020-q2-update.win32_2.0.0.202105311346/tools/bin/../lib/gcc/arm-none-eabi/9.3.1/../../../../arm-none-eabi/lib/thumb/v7e-m+fp/hard\libm.a(lib_a-sf_fabs.o)
 .debug_frame   0x00000000000007c4       0x28 c:/st/stm32cubeide_1.7.0/stm32cubeide/plugins/com.st.stm32cube.ide.mcu.externaltools.gnu-tools-for-stm32.9-2020-q2-update.win32_2.0.0.202105311346/tools/bin/../lib/gcc/arm-none-eabi/9.3.1/../../../../arm-none-eabi/lib/thumb/v7e-m+fp/hard\libm.a(lib_a-sf_finite.o)
 .debug_frame   0x00000000000007ec       0x20 c:/st/stm32cubeide_1.7.0/stm32cubeide/plugins/com.st.stm32cube.ide.mcu.externaltools.gnu-tools-for-stm32.9-2020-q2-update.win32_2.0.0.202105311346/tools/bin/../lib/gcc/arm-none-eabi/9.3.1/../../../../arm-none-eabi/lib/thumb/v7e-m+fp/hard\libm.a(lib_a-sf_nan.o)
 .debug_frame   0x000000000000080c       0x30 c:/st/stm32cubeide_1.7.0/stm32cubeide/plugins/com.st.stm32cube.ide.mcu.externaltools.gnu-tools-for-stm32.9-2020-q2-update.win32_2.0.0.202105311346/tools/bin/../lib/gcc/arm-none-eabi/9.3.1/../../../../arm-none-eabi/lib/thumb/v7e-m+fp/hard\libm.a(lib_a-sf_rint.o)
 .debug_frame   0x000000000000083c       0x20 c:/st/stm32cubeide_1.7.0/stm32cubeide/plugins/com.st.stm32cube.ide.mcu.externaltools.gnu-tools-for-stm32.9-2020-q2-update.win32_2.0.0.202105311346/tools/bin/../lib/gcc/arm-none-eabi/9.3.1/../../../../arm-none-eabi/lib/thumb/v7e-m+fp/hard\libm.a(lib_a-sf_scalbn.o)
